Diagnostic 1
	Id: Moq1300
	Location: SourceFile(Test0.cs[1559..1574))
	Highlight: BaseSampleClass
	Lines: mock.As<BaseSampleClass>();
	Severity: Error
	Message: Mock.As() should take interfaces only

Diagnostic 2
	Id: Moq1300
	Location: SourceFile(Test0.cs[1730..1740))
	Highlight: OtherClass
	Lines: mock.As<OtherClass>();
	Severity: Error
	Message: Mock.As() should take interfaces only

