Diagnostic 1
	Id: MOQ1003
	Location: SourceFile(Test0.cs[459..468))
	Code: (1, true)
	Severity: Warning
	Message: Parameters provided into mock do not match existing constructors.

Diagnostic 2
	Id: MOQ1003
	Location: SourceFile(Test0.cs[538..547))
	Code: (2, true)
	Severity: Warning
	Message: Parameters provided into mock do not match existing constructors.

Diagnostic 3
	Id: MOQ1003
	Location: SourceFile(Test0.cs[617..625))
	Code: ("1", 3)
	Severity: Warning
	Message: Parameters provided into mock do not match existing constructors.

Diagnostic 4
	Id: MOQ1003
	Location: SourceFile(Test0.cs[695..718))
	Code: (new int[] { 1, 2, 3 })
	Severity: Warning
	Message: Parameters provided into mock do not match existing constructors.

Diagnostic 5
	Id: MOQ1003
	Location: SourceFile(Test0.cs[813..843))
	Code: (MockBehavior.Strict, 4, true)
	Severity: Warning
	Message: Parameters provided into mock do not match existing constructors.

Diagnostic 6
	Id: MOQ1003
	Location: SourceFile(Test0.cs[917..946))
	Code: (MockBehavior.Loose, 5, true)
	Severity: Warning
	Message: Parameters provided into mock do not match existing constructors.

Diagnostic 7
	Id: MOQ1003
	Location: SourceFile(Test0.cs[1020..1048))
	Code: (MockBehavior.Loose, "2", 6)
	Severity: Warning
	Message: Parameters provided into mock do not match existing constructors.

