Diagnostic 1
	Id: Moq1101
	Location: SourceFile(Test0.cs[355..365))
	Highlight: x.Method()
	Lines: mock.SetupGet(x => x.Method());
	Severity: Warning
	Message: Do not use SetupGet/SetupSet for methods.

Diagnostic 2
	Id: Moq1101
	Location: SourceFile(Test0.cs[400..410))
	Highlight: x.Method()
	Lines: mock.SetupSet(x => x.Method());
	Severity: Warning
	Message: Do not use SetupGet/SetupSet for methods.

