Diagnostic 1
	Id: Moq1200
	Location: SourceFile(Test0.cs[2449..2462))
	Highlight: x.Calculate()
	Lines: mock.Setup(x => x.Calculate());
	Severity: Error
	Message: Setup should be used only for overridable members.

Diagnostic 2
	Id: Moq1200
	Location: SourceFile(Test0.cs[2619..2681))
	Highlight: x.Calculate(It.IsAny<int>(), It.IsAny<int>(), It.IsAny<int>())
	Lines: mock.Setup(x => x.Calculate(It.IsAny<int>(), It.IsAny<int>(), It.IsAny<int>()));
	Severity: Error
	Message: Setup should be used only for overridable members.

Diagnostic 3
	Id: Moq1200
	Location: SourceFile(Test0.cs[2844..2854))
	Highlight: x.Property
	Lines: mock.Setup(x => x.Property);
	Severity: Error
	Message: Setup should be used only for overridable members.

