Diagnostic 1
	Id: Moq1201
	Location: SourceFile(Test0.cs[871..912))
	Highlight: c.GenericAsyncWithConcreteReturn().Result
	Lines: mock.Setup(c => c.GenericAsyncWithConcreteReturn().Result);
	Severity: Error
	Message: Setup of async methods should use ReturnsAsync instead of .Result

