Diagnostic 1
	Id: Moq1003
	Location: SourceFile(Test0.cs[241..251))
	Severity: Warning
	Message: Do not specify parameters for mocked interface.

Diagnostic 2
	Id: Moq1003
	Location: SourceFile(Test0.cs[298..305))
	Severity: Warning
	Message: Do not specify parameters for mocked interface.

Diagnostic 3
	Id: Moq1003
	Location: SourceFile(Test0.cs[380..390))
	Severity: Warning
	Message: Do not specify parameters for mocked interface.

Diagnostic 4
	Id: Moq1003
	Location: SourceFile(Test0.cs[469..476))
	Severity: Warning
	Message: Do not specify parameters for mocked interface.

Diagnostic 5
	Id: Moq1003
	Location: SourceFile(Test0.cs[576..609))
	Severity: Warning
	Message: Do not specify parameters for mocked interface.

Diagnostic 6
	Id: Moq1003
	Location: SourceFile(Test0.cs[656..687))
	Severity: Warning
	Message: Do not specify parameters for mocked interface.

Diagnostic 7
	Id: Moq1003
	Location: SourceFile(Test0.cs[762..795))
	Severity: Warning
	Message: Do not specify parameters for mocked interface.

Diagnostic 8
	Id: Moq1003
	Location: SourceFile(Test0.cs[874..904))
	Severity: Warning
	Message: Do not specify parameters for mocked interface.

